// Jest Snapshot v1, https://goo.gl/fbAQLP

exports[`testing Footer component should render Footer component 1`] = `
<div
  className="Footer"
>
  <p>
    Â© 2020 Catalog - React Test | Arturo G. Bruno
  </p>
</div>
`;
