// Jest Snapshot v1, https://goo.gl/fbAQLP

exports[`testing ProductDetail component should render ProductDetail component 1`] = `
<Provider
  store={
    Object {
      "clearActions": [Function],
      "dispatch": [Function],
      "getActions": [Function],
      "getState": [Function],
      "replaceReducer": [Function],
      "subscribe": [Function],
    }
  }
>
  <BrowserRouter>
    <Router
      history={
        Object {
          "action": "POP",
          "block": [Function],
          "createHref": [Function],
          "go": [Function],
          "goBack": [Function],
          "goForward": [Function],
          "length": 1,
          "listen": [Function],
          "location": Object {
            "hash": "",
            "pathname": "/",
            "search": "",
            "state": undefined,
          },
          "push": [Function],
          "replace": [Function],
        }
      }
    >
      <ProductDetail
        match={
          Object {
            "params": Object {
              "id": "2",
            },
          }
        }
      >
        <div
          className="ProductDetail"
        >
          <section
            className="productData"
          >
            <div
              className="productImage"
            >
              <img
                alt="undefined iPhone 7"
                src="../images/undefined"
              />
            </div>
            <div
              className="productInfo"
            >
              <div
                className="productMainInfo"
              >
                <h2>
                   
                  iPhone 7
                </h2>
                <h2
                  className="price"
                >
                   â‚¬
                </h2>
              </div>
              <div
                className="productSpecs"
              >
                <h4>
                  Main features:
                </h4>
                <ul>
                  <li>
                    Processor: 
                  </li>
                  <li>
                    RAM: 
                     GB
                  </li>
                  <li>
                    Screen: 
                  </li>
                  <li>
                    Color: 
                  </li>
                </ul>
              </div>
            </div>
          </section>
          <section
            className="productDescription"
          >
            <h4>
              Description:
            </h4>
            <p />
            <Link
              to="/"
            >
              <LinkAnchor
                href="/"
                navigate={[Function]}
              >
                <a
                  href="/"
                  onClick={[Function]}
                >
                  Back
                </a>
              </LinkAnchor>
            </Link>
          </section>
        </div>
      </ProductDetail>
    </Router>
  </BrowserRouter>
</Provider>
`;
