// Jest Snapshot v1, https://goo.gl/fbAQLP

exports[`testing Catalog component should render Catalog component 1`] = `
<BrowserRouter>
  <Router
    history={
      Object {
        "action": "POP",
        "block": [Function],
        "createHref": [Function],
        "go": [Function],
        "goBack": [Function],
        "goForward": [Function],
        "length": 1,
        "listen": [Function],
        "location": Object {
          "hash": "",
          "pathname": "/",
          "search": "",
          "state": undefined,
        },
        "push": [Function],
        "replace": [Function],
      }
    }
  >
    <Catalog
      category="phones"
      products={
        Array [
          Object {
            "color": "blue",
            "description": "Great phone with an excellent interface. One of the best mid price range phones in the market.",
            "id": 2,
            "imageFileName": "Honor_10.png",
            "manufacturer": "Huawei",
            "name": "Honor 10",
            "price": 399,
            "processor": "Kirin 970",
            "ram": 6,
            "screen": "5,84 inch Full-HD",
          },
        ]
      }
    >
      <div
        className="Catalog"
      >
        <header>
          <h1>
            Welcome to the smallest phones catalog
          </h1>
          <h3>
            We have narrowed the search for you to make your choice easier!
          </h3>
        </header>
        <ProductOverview
          category="phones"
          key="2"
          product={
            Object {
              "color": "blue",
              "description": "Great phone with an excellent interface. One of the best mid price range phones in the market.",
              "id": 2,
              "imageFileName": "Honor_10.png",
              "manufacturer": "Huawei",
              "name": "Honor 10",
              "price": 399,
              "processor": "Kirin 970",
              "ram": 6,
              "screen": "5,84 inch Full-HD",
            }
          }
        >
          <div
            className="ProductOverview"
          >
            <Link
              to="/phones/2"
            >
              <LinkAnchor
                href="/phones/2"
                navigate={[Function]}
              >
                <a
                  href="/phones/2"
                  onClick={[Function]}
                >
                  <img
                    alt="Huawei Honor 10"
                    src="images/Honor_10.png"
                  />
                  <div
                    className="productMainInfo"
                  >
                    <div
                      className="makerModel"
                    >
                      <h2>
                        Huawei
                      </h2>
                      <h2>
                        Honor 10
                      </h2>
                    </div>
                    <h2
                      className="price"
                    >
                      399
                       â‚¬
                    </h2>
                  </div>
                </a>
              </LinkAnchor>
            </Link>
          </div>
        </ProductOverview>
      </div>
    </Catalog>
  </Router>
</BrowserRouter>
`;
